---
source: sdk/src/data.rs
expression: data
---
{
  "id": "first",
  "type": "number",
  "default": 200.0,
  "minValue": 100.0,
  "maxValue": 350.0
}
