---
source: sdk/src/data.rs
expression: data
---
{
  "id": "actiondata001",
  "type": "text",
  "default": "any text"
}
