---
source: sdk/src/actions.rs
expression: error_msg
---
action name cannot be empty
