---
source: sdk/src/lib.rs
expression: error_msg
---
invalid plugin ID 'com.test.invalid@plugin#id!' - plugin IDs must contain only alphanumeric characters, dots, hyphens, and underscores
