---
source: sdk/src/protocol.rs
expression: error_msg
---
TouchPortal does not use true for switch values
