---
source: sdk/src/actions.rs
expression: error_msg
---
'{$missing_field$}' not found for language 'default'
