---
source: sdk/src/actions.rs
expression: error_msg
---
found two lines for language 'en'
