---
source: sdk/src/protocol.rs
expression: error_msg
---
TouchPortal does not use 1 for switch values
