---
source: sdk/src/protocol.rs
expression: error_msg
---
TouchPortal does not use 0 for switch values
