---
source: sdk/src/lib.rs
expression: error_msg
---
event test_event references unknown state nonexistent_state
